DEBUG:root:Zbroj: 10 + 5 = 15
DEBUG:root:Razlika: 10 + 5 = 5
DEBUG:root:Umnozak: 10 + 5 = 50
DEBUG:root:Dijeljenje: 10 + 5 = 2.0
2020-07-28 12:59:29,017:DEBUG:Zbroj: 10 + 5 = 15
2020-07-28 12:59:29,018:DEBUG:Razlika: 10 + 5 = 5
2020-07-28 12:59:29,018:DEBUG:Umnozak: 10 + 5 = 50
2020-07-28 12:59:29,019:DEBUG:Dijeljenje: 10 + 5 = 2.0
2020-07-28 12:59:57,792:DEBUG:Zbroj: 20 + 5 = 25
2020-07-28 12:59:57,793:DEBUG:Razlika: 20 - 5 = 15
2020-07-28 12:59:57,793:DEBUG:Umnozak: 20 * 5 = 100
2020-07-28 12:59:57,793:DEBUG:Dijeljenje: 20 / 5 = 4.0
